// Jest Snapshot v1, https://goo.gl/fbAQLP

exports[`Card should match the snapshot 1`] = `
ShallowWrapper {
  "length": 1,
  Symbol(enzyme.__root__): [Circular],
  Symbol(enzyme.__unrendered__): <Card
    className="card"
    data={
        Object {
            "Data": 0.39465,
            "DataFormat": "Percent",
            "Location": "Colorado",
            "TimeFrame": 2007,
          }
    }
    location="denver"
/>,
  Symbol(enzyme.__renderer__): Object {
    "batchedUpdates": [Function],
    "getNode": [Function],
    "render": [Function],
    "simulateEvent": [Function],
    "unmount": [Function],
  },
  Symbol(enzyme.__node__): Object {
    "instance": null,
    "key": undefined,
    "nodeType": "host",
    "props": Object {
      "children": Array [
        <h2>
          denver
</h2>,
        <ul>
          <li
                    className="over-fifty"
          >
                    Location
                    <span
                              className="percentage"
                    >
                              Colorado
                    </span>
          </li>
          <li
                    className="over-fifty"
          >
                    TimeFrame
                    <span
                              className="percentage"
                    >
                              2007
                    </span>
          </li>
          <li
                    className="over-fifty"
          >
                    DataFormat
                    <span
                              className="percentage"
                    >
                              Percent
                    </span>
          </li>
          <li
                    className="under-fifty"
          >
                    Data
                    <span
                              className="percentage"
                    >
                              0.39465
                    </span>
          </li>
</ul>,
      ],
      "className": "card",
      "onClick": undefined,
    },
    "ref": null,
    "rendered": Array [
      Object {
        "instance": null,
        "key": undefined,
        "nodeType": "host",
        "props": Object {
          "children": "denver",
        },
        "ref": null,
        "rendered": "denver",
        "type": "h2",
      },
      Object {
        "instance": null,
        "key": undefined,
        "nodeType": "host",
        "props": Object {
          "children": Array [
            <li
              className="over-fifty"
>
              Location
              <span
                            className="percentage"
              >
                            Colorado
              </span>
</li>,
            <li
              className="over-fifty"
>
              TimeFrame
              <span
                            className="percentage"
              >
                            2007
              </span>
</li>,
            <li
              className="over-fifty"
>
              DataFormat
              <span
                            className="percentage"
              >
                            Percent
              </span>
</li>,
            <li
              className="under-fifty"
>
              Data
              <span
                            className="percentage"
              >
                            0.39465
              </span>
</li>,
          ],
        },
        "ref": null,
        "rendered": Array [
          Object {
            "instance": null,
            "key": "0",
            "nodeType": "host",
            "props": Object {
              "children": Array [
                "Location",
                <span
                  className="percentage"
>
                  Colorado
</span>,
              ],
              "className": "over-fifty",
            },
            "ref": null,
            "rendered": Array [
              "Location",
              Object {
                "instance": null,
                "key": undefined,
                "nodeType": "host",
                "props": Object {
                  "children": "Colorado",
                  "className": "percentage",
                },
                "ref": null,
                "rendered": "Colorado",
                "type": "span",
              },
            ],
            "type": "li",
          },
          Object {
            "instance": null,
            "key": "1",
            "nodeType": "host",
            "props": Object {
              "children": Array [
                "TimeFrame",
                <span
                  className="percentage"
>
                  2007
</span>,
              ],
              "className": "over-fifty",
            },
            "ref": null,
            "rendered": Array [
              "TimeFrame",
              Object {
                "instance": null,
                "key": undefined,
                "nodeType": "host",
                "props": Object {
                  "children": 2007,
                  "className": "percentage",
                },
                "ref": null,
                "rendered": 2007,
                "type": "span",
              },
            ],
            "type": "li",
          },
          Object {
            "instance": null,
            "key": "2",
            "nodeType": "host",
            "props": Object {
              "children": Array [
                "DataFormat",
                <span
                  className="percentage"
>
                  Percent
</span>,
              ],
              "className": "over-fifty",
            },
            "ref": null,
            "rendered": Array [
              "DataFormat",
              Object {
                "instance": null,
                "key": undefined,
                "nodeType": "host",
                "props": Object {
                  "children": "Percent",
                  "className": "percentage",
                },
                "ref": null,
                "rendered": "Percent",
                "type": "span",
              },
            ],
            "type": "li",
          },
          Object {
            "instance": null,
            "key": "3",
            "nodeType": "host",
            "props": Object {
              "children": Array [
                "Data",
                <span
                  className="percentage"
>
                  0.39465
</span>,
              ],
              "className": "under-fifty",
            },
            "ref": null,
            "rendered": Array [
              "Data",
              Object {
                "instance": null,
                "key": undefined,
                "nodeType": "host",
                "props": Object {
                  "children": 0.39465,
                  "className": "percentage",
                },
                "ref": null,
                "rendered": 0.39465,
                "type": "span",
              },
            ],
            "type": "li",
          },
        ],
        "type": "ul",
      },
    ],
    "type": "div",
  },
  Symbol(enzyme.__nodes__): Array [
    Object {
      "instance": null,
      "key": undefined,
      "nodeType": "host",
      "props": Object {
        "children": Array [
          <h2>
            denver
</h2>,
          <ul>
            <li
                        className="over-fifty"
            >
                        Location
                        <span
                                    className="percentage"
                        >
                                    Colorado
                        </span>
            </li>
            <li
                        className="over-fifty"
            >
                        TimeFrame
                        <span
                                    className="percentage"
                        >
                                    2007
                        </span>
            </li>
            <li
                        className="over-fifty"
            >
                        DataFormat
                        <span
                                    className="percentage"
                        >
                                    Percent
                        </span>
            </li>
            <li
                        className="under-fifty"
            >
                        Data
                        <span
                                    className="percentage"
                        >
                                    0.39465
                        </span>
            </li>
</ul>,
        ],
        "className": "card",
        "onClick": undefined,
      },
      "ref": null,
      "rendered": Array [
        Object {
          "instance": null,
          "key": undefined,
          "nodeType": "host",
          "props": Object {
            "children": "denver",
          },
          "ref": null,
          "rendered": "denver",
          "type": "h2",
        },
        Object {
          "instance": null,
          "key": undefined,
          "nodeType": "host",
          "props": Object {
            "children": Array [
              <li
                className="over-fifty"
>
                Location
                <span
                                className="percentage"
                >
                                Colorado
                </span>
</li>,
              <li
                className="over-fifty"
>
                TimeFrame
                <span
                                className="percentage"
                >
                                2007
                </span>
</li>,
              <li
                className="over-fifty"
>
                DataFormat
                <span
                                className="percentage"
                >
                                Percent
                </span>
</li>,
              <li
                className="under-fifty"
>
                Data
                <span
                                className="percentage"
                >
                                0.39465
                </span>
</li>,
            ],
          },
          "ref": null,
          "rendered": Array [
            Object {
              "instance": null,
              "key": "0",
              "nodeType": "host",
              "props": Object {
                "children": Array [
                  "Location",
                  <span
                    className="percentage"
>
                    Colorado
</span>,
                ],
                "className": "over-fifty",
              },
              "ref": null,
              "rendered": Array [
                "Location",
                Object {
                  "instance": null,
                  "key": undefined,
                  "nodeType": "host",
                  "props": Object {
                    "children": "Colorado",
                    "className": "percentage",
                  },
                  "ref": null,
                  "rendered": "Colorado",
                  "type": "span",
                },
              ],
              "type": "li",
            },
            Object {
              "instance": null,
              "key": "1",
              "nodeType": "host",
              "props": Object {
                "children": Array [
                  "TimeFrame",
                  <span
                    className="percentage"
>
                    2007
</span>,
                ],
                "className": "over-fifty",
              },
              "ref": null,
              "rendered": Array [
                "TimeFrame",
                Object {
                  "instance": null,
                  "key": undefined,
                  "nodeType": "host",
                  "props": Object {
                    "children": 2007,
                    "className": "percentage",
                  },
                  "ref": null,
                  "rendered": 2007,
                  "type": "span",
                },
              ],
              "type": "li",
            },
            Object {
              "instance": null,
              "key": "2",
              "nodeType": "host",
              "props": Object {
                "children": Array [
                  "DataFormat",
                  <span
                    className="percentage"
>
                    Percent
</span>,
                ],
                "className": "over-fifty",
              },
              "ref": null,
              "rendered": Array [
                "DataFormat",
                Object {
                  "instance": null,
                  "key": undefined,
                  "nodeType": "host",
                  "props": Object {
                    "children": "Percent",
                    "className": "percentage",
                  },
                  "ref": null,
                  "rendered": "Percent",
                  "type": "span",
                },
              ],
              "type": "li",
            },
            Object {
              "instance": null,
              "key": "3",
              "nodeType": "host",
              "props": Object {
                "children": Array [
                  "Data",
                  <span
                    className="percentage"
>
                    0.39465
</span>,
                ],
                "className": "under-fifty",
              },
              "ref": null,
              "rendered": Array [
                "Data",
                Object {
                  "instance": null,
                  "key": undefined,
                  "nodeType": "host",
                  "props": Object {
                    "children": 0.39465,
                    "className": "percentage",
                  },
                  "ref": null,
                  "rendered": 0.39465,
                  "type": "span",
                },
              ],
              "type": "li",
            },
          ],
          "type": "ul",
        },
      ],
      "type": "div",
    },
  ],
  Symbol(enzyme.__options__): Object {
    "adapter": ReactSixteenAdapter {
      "options": Object {
        "enableComponentDidUpdateOnSetState": true,
      },
    },
  },
}
`;
